Failed as expected assign_msf: "error_messages.jazz", line 3 (2-8):
                               SCT checker: assignment operation not permitted on a msf variable: x
Failed as expected syscall: "error_messages.jazz", line 11 (2-22):
                            SCT checker: syscalls destroy msf variables, {
                             x } are required
Failed as expected update_msf_not_trans: "error_messages.jazz", line 17 (25-26):
                                         SCT checker: MSF is not Trans
Failed as expected update_msf_wrong_expr: "error_messages.jazz", line 24 (27-28):
                                          SCT checker: the expression false need to be equal to
                                          (x ==64u ((64u) 0))
Failed as expected update_msf_not_msf: "error_messages.jazz", line 35 (28-29):
                                       SCT checker: the variable x is not known to be a msf, only {
                                         } are
Failed as expected msf_trans: "error_messages.jazz", line 43 (20-21):
                              SCT checker: MSF is Trans
                              (x ==64u ((64u) 0))
Failed as expected not_known_as_msf: "error_messages.jazz", line 53 (15-16):
                                     SCT checker: the variable x is not known to be a msf, only {
                                       } are
Failed as expected bad_poly_annot: "error_messages.jazz", line 56 (31-37):
                                   SCT checker: public not allowed as argument of poly
Failed as expected msf_in_export: "error_messages.jazz", line 56 (51) to line 60 (1):
                                  SCT checker: { p } need to be a msf, this is not allowed in export function
Failed as expected must_not_be_a_msf: "error_messages.jazz", line 62 (38-39):
                                      SCT checker: p must not be a msf
Failed as expected should_be_a_msf: "error_messages.jazz", line 68 (39-40):
                                    SCT checker: p should be a msf
Failed as expected at_least_transient: "error_messages.jazz", line 75 (45-46):
                                       SCT checker: security annotation for p should be at least transient
Failed as expected unbound_level: "error_messages.jazz", line 79 (0) to line 84 (1):
                                  SCT checker: unbound security level hello
Failed as expected inconsistent_constraint: "error_messages.jazz", line 86 (0) to line 87 (38):
                                            SCT checker: cannot add constraint secret <= public, it is inconsistent
Failed as expected bad_modmsf: "error_messages.jazz", line 89 (0) to line 90 (25):
                               SCT checker: annotation modmsf should be nomodmsf
Failed as expected bad_nomodmsf: "error_messages.jazz", line 92 (0) to line 95 (1):
                                 SCT checker: annotation nomodmsf should be modmsf
Failed as expected call_bad_nomodmsf: "error_messages.jazz", line 97 (0) to line 103 (1):
                                      SCT checker: annotation nomodmsf should be modmsf
Failed as expected call_bad_nomodmsf2: "error_messages.jazz", line 111 (0) to line 119 (1):
                                       SCT checker: annotation nomodmsf should be modmsf
Failed as expected call_bad_nomodmsf3: "error_messages.jazz", line 127 (0) to line 136 (1):
                                       SCT checker: annotation nomodmsf should be modmsf
Failed as expected call_modmsf_destroys: "error_messages.jazz", line 153 (2-25):
                                         SCT checker: calls destroy msf variables, {
                                          msf } are required
Failed as expected ret_high: "error_messages.jazz", line 160 (9-10):
                             SCT checker: return type for p is #secret it should be less than #public
Failed as expected ret_transient: "error_messages.jazz", line 164 (9-10):
                                  SCT checker: return type for p is #transient it should be less than #public
Failed as expected ret_msf: "error_messages.jazz", line 170 (9-12):
                            SCT checker: return annotation for msf should be msf
Failed as expected public_arg: "error_messages.jazz", line 173 (37-38):
                               SCT checker: security annotation for x should be at least transient
Failed as expected unknown function: SCT checker: unknown function unknown function
Failed as expected need_declassify: "error_messages.jazz", line 180 (9-10):
                                    SCT checker: return type for x is #secret it should be less than #public
