proc _add(v64s_135@sint64, v64_130@sint64) = 
{
 true && (v64_130@sint64 <= (const 64 (100)))
}
adds TMP_____146@uint1 v64s_135@sint64 v64_130@sint64 v64_130@sint64;
{
 /\[(v64s_135 = (0))] && true
}
 